*** Using Compiler 'V5.06 update 7 (build 960)', folder: 'D:\Keil_v5\ARM\ARMCC\Bin'
Rebuild target 'firmware'
compiling event_mq.c...
compiling ErrChecker.c...
compiling customcmd.c...
compiling static_conf.c...
compiling ipc.c...
compiling Lan2Uart.c...
user\src\Lan2Uart.c(663): warning:  #111-D: statement is unreachable
      led_off();
user\src\Lan2Uart.c: 1 warning, 0 errors
compiling http_callback.c...
compiling reader_init.c...
compiling user_main.c...
compiling ota_frame.c...
compiling reader_msg.c...
compiling ota_storage.c...
compiling ota_security.c...
compiling modbus_mode.c...
compiling ota_state.c...
compiling ota_http.c...
compiling ota_agent.c...
compiling ota_server.c...
assembling startup_hc32f46x.s...
compiling MQTTConnectServer.c...
compiling MQTTConnectClient.c...
compiling MQTTFormat.c...
compiling MQTTDeserializePublish.c...
compiling MQTTSerializePublish.c...
compiling MQTTPacket.c...
compiling MQTTSubscribeClient.c...
compiling MQTTUnsubscribeClient.c...
compiling MQTTUnsubscribeServer.c...
compiling MQTTSubscribeServer.c...
compiling system_hc32f460.c...
compiling MQTTClient.c...
MQTT\MQTTClient.c(146): warning:  #1293-D: assignment in condition
      if (rem_len > 0 && (rc = c->ipstack->mqttread(c->ipstack, c->readbuf + len, rem_len, TimerLeftMS(timer)) != rem_len)) {
MQTT\MQTTClient.c: 1 warning, 0 errors
compiling APIHttpRequest.cpp...
compiling httpAPI.cpp...
compiling APIHttpResponse.cpp...
httpapi\APIHttpResponse.cpp(31): warning:  #111-D: statement is unreachable
  		return -1;
httpapi\APIHttpResponse.cpp: 1 warning, 0 errors
compiling mqtt_interface.c...
compiling TAGINFOBuffer.cpp...
compiling mp_pool.c...
compiling Utility.cpp...
compiling arc4.c...
compiling json-parser.c...
jsonlib\json-parser.c(125): warning:  #1293-D: assignment in condition
              if (! (value->u.array.values = (json_value **) json_alloc(state, value->u.array.length * sizeof (json_value *), 0)))
jsonlib\json-parser.c(140): warning:  #1293-D: assignment in condition
              if (! (value->u.object.values = (json_object_entry *) json_alloc
jsonlib\json-parser.c(153): warning:  #1293-D: assignment in condition
              if (! (value->u.string.ptr = (json_char *) json_alloc
jsonlib\json-parser.c(169): warning:  #1293-D: assignment in condition
     if (! (value = (json_value *) json_alloc
jsonlib\json-parser.c: 4 warnings, 0 errors
compiling aria.c...
compiling TagBuffer.c...
compiling asn1parse.c...
compiling aes.c...
compiling asn1write.c...
compiling base64.c...
compiling http_parser.c...
compiling HttpModuleAPI.cpp...
compiling blowfish.c...
compiling camellia.c...
compiling ccm.c...
compiling certs.c...
compiling w25qxx.c...
compiling chacha20.c...
compiling chachapoly.c...
compiling cipher.c...
compiling cipher_wrap.c...
compiling cmac.c...
compiling debug.c...
compiling dhm.c...
compiling ecdh.c...
compiling ecdsa.c...
compiling ctr_drbg.c...
compiling ecjpake.c...
compiling constant_time.c...
compiling des.c...
compiling bignum.c...
compiling ecp.c...
compiling ecp_curves.c...
compiling error.c...
compiling entropy_poll.c...
compiling entropy.c...
compiling gcm.c...
compiling havege.c...
compiling hkdf.c...
compiling hmac_drbg.c...
compiling md2.c...
compiling md4.c...
compiling md.c...
compiling mps_reader.c...
compiling memory_buffer_alloc.c...
compiling mps_trace.c...
compiling net_sockets.c...
compiling nist_kw.c...
compiling md5.c...
compiling pem.c...
compiling pkcs11.c...
compiling pk.c...
compiling pk_wrap.c...
compiling pkcs12.c...
compiling oid.c...
compiling pkcs5.c...
compiling pkwrite.c...
compiling poly1305.c...
compiling platform_util.c...
compiling platform.c...
compiling pkparse.c...
compiling psa_crypto.c...
compiling psa_crypto_cipher.c...
compiling psa_crypto_aead.c...
compiling psa_crypto_ecp.c...
compiling psa_crypto_client.c...
compiling psa_crypto_hash.c...
compiling psa_crypto_mac.c...
compiling psa_crypto_rsa.c...
compiling psa_crypto_driver_wrappers.c...
compiling psa_crypto_se.c...
compiling psa_crypto_slot_management.c...
compiling psa_crypto_storage.c...
compiling psa_its_file.c...
compiling ripemd160.c...
compiling rsa_internal.c...
compiling ssl_cache.c...
compiling ssl_cookie.c...
compiling ssl_srv.c...
compiling ssl_ciphersuites.c...
compiling rsa.c...
compiling sha1.c...
compiling ssl_ticket.c...
compiling ssl_tls13_keys.c...
compiling sha256.c...
compiling ssl_cli.c...
compiling threading.c...
compiling sha512.c...
compiling ssl_msg.c...
compiling timing.c...
compiling version.c...
compiling version_features.c...
compiling x509_create.c...
compiling x509_crl.c...
compiling x509_csr.c...
compiling x509write_crt.c...
compiling x509write_csr.c...
compiling x509.c...
compiling xtea.c...
compiling ssl_tls.c...
compiling x509_crt.c...
linking...
Program Size: Code=302152 RO-data=18492 RW-data=6748 ZI-data=30052  
FromELF: creating hex file...
".\output\Firmware.axf" - 0 Error(s), 7 Warning(s).
Build Time Elapsed:  00:00:04
