*** Using Compiler 'V5.06 update 7 (build 960)', folder: 'D:\Keil_v5\ARM\ARMCC\Bin'
Rebuild target 'Bootloader'
assembling startup_hc32f460.s...
compiling main.c...
.\user\inc\w25qxx.h(134): warning:  #1-D: last line of file ends without a newline
   ******************************************************************************/
user\src\main.c(51): warning:  #223-D: function "_init_alloc" declared implicitly
  	_init_alloc(heap_base_address, 0x20026FF0);
user\src\main.c(79): warning:  #111-D: statement is unreachable
  	if (ota_boot_single_run() != 0)
user\src\main.c(29): warning:  #177-D: variable "i"  was declared but never referenced
  	int i;
user\src\main.c: 4 warnings, 0 errors
compiling btMsg.c...
compiling ota_boot_stub.c...
compiling update_by_ftp.c...
compiling hc32f46x_efm.c...
user\src\hc32f46x_efm.c(957): warning:  #223-D: function "printf" declared implicitly
  		printf("222222222222222222 success\n");
user\src\hc32f46x_efm.c(963): warning:  #223-D: function "printf" declared implicitly
  	printf("00000000000000000 start flash_bytes_write\n");
user\src\hc32f46x_efm.c: 2 warnings, 0 errors
compiling system_hc32f460.c...
compiling fw_jump_helper.c...
compiling w25qxx.c...
.\user\inc\w25qxx.h(134): warning:  #1-D: last line of file ends without a newline
   ******************************************************************************/
user\src\w25qxx.c(522): warning:  #1-D: last line of file ends without a newline
   ******************************************************************************/
user\src\w25qxx.c: 2 warnings, 0 errors
compiling ota_boot_single.c...
.\user\inc\w25qxx.h(134): warning:  #1-D: last line of file ends without a newline
   ******************************************************************************/
user\src\ota_boot_single.c: 1 warning, 0 errors
linking...
.\Bootloader.sct(12): warning: L6314W: No section matches pattern flash_op.o(RO).
Program Size: Code=25858 RO-data=786 RW-data=384 ZI-data=19072  
Finished: 0 information, 1 warning and 0 error messages.
FromELF: creating hex file...
".\output\Bootloader.axf" - 0 Error(s), 10 Warning(s).
Build Time Elapsed:  00:00:00
