*** Using Compiler 'V5.06 update 7 (build 960)', folder: 'D:\Keil_v5\ARM\ARMCC\Bin'
Rebuild target 'Bootloader'
assembling startup_hc32f460.s...
compiling btMsg.c...
compiling main.c...
.\user\inc\w25qxx.h(134): warning:  #1-D: last line of file ends without a newline
   ******************************************************************************/
user\src\main.c(51): warning:  #223-D: function "_init_alloc" declared implicitly
  	_init_alloc(heap_base_address, 0x20026FF0);
user\src\main.c(79): warning:  #111-D: statement is unreachable
  	if (ota_boot_single_run() != 0)
user\src\main.c(29): warning:  #177-D: variable "i"  was declared but never referenced
  	int i;
user\src\main.c: 4 warnings, 0 errors
compiling update_by_ftp.c...
compiling system_hc32f460.c...
compiling fw_jump_helper.c...
compiling hc32f46x_icg.c...
compiling hc32f46x_efm.c...
user\src\hc32f46x_efm.c(957): warning:  #223-D: function "printf" declared implicitly
  		printf("222222222222222222 success\n");
user\src\hc32f46x_efm.c(963): warning:  #223-D: function "printf" declared implicitly
  	printf("00000000000000000 start flash_bytes_write\n");
user\src\hc32f46x_efm.c: 2 warnings, 0 errors
compiling w25qxx.c...
.\user\inc\w25qxx.h(134): warning:  #1-D: last line of file ends without a newline
   ******************************************************************************/
user\src\w25qxx.c(522): warning:  #1-D: last line of file ends without a newline
   ******************************************************************************/
user\src\w25qxx.c: 2 warnings, 0 errors
compiling ota_boot_single.c...
.\user\inc\w25qxx.h(134): warning:  #1-D: last line of file ends without a newline
   ******************************************************************************/
user\src\ota_boot_single.c: 1 warning, 0 errors
linking...
.\output\Bootloader.axf: Error: L6218E: Undefined symbol TIMERA_Cmd (referred from fw_jump_helper.o).
.\output\Bootloader.axf: Error: L6218E: Undefined symbol TIMERA_IrqCmd (referred from fw_jump_helper.o).
.\output\Bootloader.axf: Error: L6218E: Undefined symbol USART_FuncCmd (referred from fw_jump_helper.o).
.\output\Bootloader.axf: Error: L6218E: Undefined symbol enIrqResign (referred from fw_jump_helper.o).
.\output\Bootloader.axf: Error: L6218E: Undefined symbol flash_bytes_read (referred from fw_jump_helper.o).
.\output\Bootloader.axf: Error: L6218E: Undefined symbol apt_pair_select_nob (referred from btmsg.o).
.\output\Bootloader.axf: Error: L6218E: Undefined symbol apt_uart_select_nob (referred from btmsg.o).
.\output\Bootloader.axf: Error: L6218E: Undefined symbol apt_usb_select_nob (referred from btmsg.o).
.\output\Bootloader.axf: Error: L6218E: Undefined symbol brdcst_conf_handler (referred from btmsg.o).
.\output\Bootloader.axf: Error: L6218E: Undefined symbol read (referred from btmsg.o).
.\output\Bootloader.axf: Error: L6218E: Undefined symbol read_n (referred from btmsg.o).
.\output\Bootloader.axf: Error: L6218E: Undefined symbol sleep_ms (referred from btmsg.o).
.\output\Bootloader.axf: Error: L6218E: Undefined symbol write (referred from btmsg.o).
.\output\Bootloader.axf: Error: L6218E: Undefined symbol GetNumU16 (referred from update_by_ftp.o).
.\output\Bootloader.axf: Error: L6218E: Undefined symbol GetNumU32 (referred from update_by_ftp.o).
.\output\Bootloader.axf: Error: L6218E: Undefined symbol SetNumU16 (referred from update_by_ftp.o).
.\output\Bootloader.axf: Error: L6218E: Undefined symbol dumpBtParams (referred from update_by_ftp.o).
.\output\Bootloader.axf: Error: L6218E: Undefined symbol ioctl (referred from update_by_ftp.o).
.\output\Bootloader.axf: Error: L6218E: Undefined symbol led_toggle (referred from update_by_ftp.o).
.\output\Bootloader.axf: Error: L6218E: Undefined symbol setBtParams (referred from update_by_ftp.o).
.\output\Bootloader.axf: Error: L6218E: Undefined symbol system_reset (referred from update_by_ftp.o).
.\output\Bootloader.axf: Error: L6218E: Undefined symbol uart_close (referred from update_by_ftp.o).
.\output\Bootloader.axf: Error: L6218E: Undefined symbol uart_open (referred from update_by_ftp.o).
.\output\Bootloader.axf: Error: L6218E: Undefined symbol Ddl_Delay1ms (referred from w25qxx.o).
.\output\Bootloader.axf: Error: L6218E: Undefined symbol PORT_SetFunc (referred from w25qxx.o).
.\output\Bootloader.axf: Error: L6218E: Undefined symbol PWC_Fcg1PeriphClockCmd (referred from w25qxx.o).
.\output\Bootloader.axf: Error: L6218E: Undefined symbol QSPI_EnterDirectCommMode (referred from w25qxx.o).
.\output\Bootloader.axf: Error: L6218E: Undefined symbol QSPI_ExitDirectCommMode (referred from w25qxx.o).
.\output\Bootloader.axf: Error: L6218E: Undefined symbol QSPI_Init (referred from w25qxx.o).
.\output\Bootloader.axf: Error: L6218E: Undefined symbol QSPI_ReadDirectCommValue (referred from w25qxx.o).
.\output\Bootloader.axf: Error: L6218E: Undefined symbol QSPI_WriteDirectCommValue (referred from w25qxx.o).
Not enough information to list image symbols.
Not enough information to list load addresses in the image map.
Finished: 2 information, 0 warning and 31 error messages.
".\output\Bootloader.axf" - 31 Error(s), 9 Warning(s).
Target not created.
Build Time Elapsed:  00:00:00
