*** Using Compiler 'V5.06 update 7 (build 960)', folder: 'D:\Keil_v5\ARM\ARMCC\Bin'
Rebuild target 'bspdrv'
compiling os_dep.c...
compiling uart.c...
compiling pio.c...
compiling main.c...
compiling irq.c...
compiling flash_op.c...
compiling timer.c...
compiling usb_utility.c...
compiling custom_ee_commond.c...
compiling common.c...
compiling io_stream.c...
user\src\io_stream.c(589): warning:  #111-D: statement is unreachable
  	return 0;
user\src\io_stream.c(690): warning:  #111-D: statement is unreachable
  	return -1;
user\src\io_stream.c: 2 warnings, 0 errors
compiling readercfg.c...
compiling usr_mod.c...
compiling trng.c...
compiling wiegand.c...
compiling hc32f460_gpio.c...
compiling license.c...
compiling hc32f460_sram.c...
compiling hc32f460_utility.c...
compiling hc32f460_clk.c...
compiling hc32f460_timera.c...
compiling hc32f460_pwc.c...
compiling hc32f460_usart.c...
compiling hc32f460_swdt.c...
compiling hc32f460_interrupts.c...
compiling hc32f460_icg.c...
compiling hc32f460_spi.c...
compiling hc32f460_adc.c...
compiling hc32f460_trng.c...
compiling hc32f460_hash.c...
compiling hc32f460_wdt.c...
compiling hc32f460_qspi.c...
compiling hc32f460_keyscan.c...
compiling hc32f460_dmac.c...
compiling hc32f460_aes.c...
compiling hc32f460_crc.c...
compiling hc32f460_event_port.c...
compiling hc32f460_sdioc.c...
compiling hc32f460_i2c.c...
compiling wizchip_conf.c...
compiling socket.c...
compiling dns.c...
compiling w5100s.c...
compiling RTX_Config.c...
compiling rtx_lib.c...
compiling dhcp.c...
compiling hc32f460_timer4_pwm.c...
compiling hc32f460_timer0.c...
compiling hc32f460_timer6.c...
compiling ftpc.c...
compiling port.c...
compiling usb_dev_hid_cdc_wrapper.c...
compiling usb_dev_custom_hid_class.c...
compiling usb_dev_ctrleptrans.c...
compiling usb_dev_core.c...
compiling usb_dev_driver.c...
compiling usb_dev_desc.c...
compiling usb_dev_user.c...
compiling usb_bsp.c...
compiling usb_dev_stdreq.c...
compiling usb_dev_int.c...
compiling retarget_io.c...
compiling usb_dev_keyboard_class.c...
compiling sntp.c...
compiling usb_core_driver.c...
compiling usb_dev_cdc_class.c...
creating Library...
After Build - User command #1: xcopy .\output\hc32f46_driver.lib  ..\..\driver_lib /Y
.\output\hc32f46_driver.lib
复制了 1 个文件
After Build - User command #2: xcopy .\hc32f46_driver.h  ..\..\driver_lib /Y
.\hc32f46_driver.h
复制了 1 个文件
".\output\hc32f46_driver.lib" - 0 Error(s), 2 Warning(s).
Build Time Elapsed:  00:00:03
